Processed 10295 examples.
Token length distribution (prompt only):
length	count
61	2
62	45
63	151
64	139
65	174
66	163
67	151
68	167
69	209
70	209
71	235
72	204
73	169
74	148
75	226
76	220
77	199
78	169
79	162
80	177
81	160
82	640
83	156
84	127
85	171
86	997
87	125
88	97
89	131
90	604
91	109
92	86
93	121
94	319
95	107
96	85
97	85
98	144
99	84
100	64
101	54
102	77
103	62
104	44
105	48
106	53
107	54
108	33
109	52
110	45
111	48
112	41
113	56
114	49
115	41
116	46
117	32
118	36
119	40
120	45
121	24
122	33
123	36
124	9
125	24
126	29
127	25
128	21
129	22
130	13
131	25
132	25
133	37
134	25
135	16
136	20
137	25
138	18
139	15
140	21
141	17
142	9
143	21
144	18
145	14
146	22
147	22
148	20
149	13
150	17
151	29
152	22
153	16
154	16
155	22
156	12
157	20
158	13
159	17
160	10
161	12
162	13
163	24
164	15
165	15
166	15
167	5
168	9
169	5
170	10
171	7
172	6
173	5
174	14
175	3
176	13
177	16
178	4
179	9
180	11
181	14
182	8
183	9
184	6
185	5
186	10
187	1
188	9
189	11
190	6
191	7
192	6
193	11
194	6
195	5
196	6
197	10
198	4
199	5
200	7
201	9
202	13
203	11
204	3
205	7
206	7
207	6
208	3
209	3
210	7
211	3
212	8
213	9
214	6
215	7
216	6
217	6
218	2
219	3
220	3
221	5
222	3
223	8
224	4
225	9
226	7
227	3
228	1
229	5
230	5
231	3
232	4
233	1
234	6
235	3
236	4
237	4
238	6
239	2
240	6
241	2
242	2
243	6
244	4
245	5
246	4
247	5
248	6
249	1
250	2
252	3
253	5
254	3
256	3
257	5
258	3
259	3
260	5
261	1
262	2
263	7
264	8
265	1
266	4
267	4
268	2
269	2
270	1
272	3
273	3
275	1
277	1
279	2
280	2
281	2
282	4
283	3
284	3
285	2
286	1
287	1
288	2
289	1
291	1
292	1
293	1
294	2
296	2
297	2
298	1
299	2
300	1
302	1
303	1
305	3
307	1
308	2
309	1
310	1
311	2
312	4
313	2
315	1
316	3
318	1
320	1
322	1
323	1
324	2
326	1
327	1
328	1
329	1
330	2
332	1
333	2
334	3
335	1
337	2
338	2
341	1
344	4
346	1
347	2
350	1
351	2
356	2
359	1
360	1
364	1
366	1
368	2
373	1
378	6
380	1
385	1
399	1
405	1
408	1
410	1
420	1
424	1
427	1
429	1
432	1
437	1
464	1
