Processed 21854 examples.
Token length distribution (prompt only):
length	count
58	1
61	1
63	3
64	3
65	2
66	7
67	1
68	5
69	4
70	9
71	4
72	19
73	22
74	16
75	19
76	18
77	18
78	19
79	20
80	31
81	31
82	24
83	28
84	22
85	31
86	40
87	34
88	29
89	40
90	39
91	49
92	51
93	40
94	25
95	34
96	33
97	37
98	36
99	55
100	40
101	46
102	45
103	61
104	44
105	54
106	53
107	48
108	53
109	47
110	62
111	61
112	47
113	49
114	53
115	63
116	50
117	60
118	42
119	54
120	49
121	46
122	44
123	45
124	55
125	62
126	51
127	49
128	46
129	49
130	50
131	62
132	59
133	56
134	59
135	50
136	52
137	40
138	58
139	48
140	53
141	61
142	63
143	76
144	60
145	54
146	74
147	44
148	41
149	46
150	54
151	51
152	47
153	47
154	55
155	46
156	48
157	59
158	61
159	65
160	67
161	49
162	44
163	57
164	61
165	58
166	46
167	60
168	50
169	59
170	53
171	63
172	56
173	56
174	43
175	50
176	31
177	58
178	31
179	61
180	46
181	55
182	45
183	37
184	48
185	52
186	39
187	50
188	47
189	49
190	32
191	51
192	39
193	41
194	41
195	35
196	39
197	36
198	37
199	27
200	36
201	46
202	32
203	37
204	40
205	44
206	30
207	33
208	40
209	33
210	38
211	35
212	51
213	36
214	37
215	31
216	33
217	29
218	38
219	44
220	42
221	34
222	44
223	37
224	44
225	27
226	31
227	35
228	33
229	47
230	32
231	36
232	52
233	33
234	39
235	43
236	43
237	34
238	46
239	45
240	24
241	26
242	44
243	33
244	38
245	41
246	27
247	25
248	31
249	31
250	34
251	37
252	34
253	36
254	29
255	31
256	35
257	36
258	30
259	51
260	44
261	27
262	34
263	34
264	33
265	35
266	28
267	24
268	28
269	31
270	31
271	28
272	34
273	41
274	31
275	33
276	31
277	29
278	30
279	33
280	31
281	34
282	36
283	23
284	32
285	28
286	29
287	23
288	45
289	25
290	28
291	30
292	30
293	13
294	19
295	32
296	28
297	35
298	23
299	46
300	20
301	31
302	26
303	28
304	23
305	27
306	26
307	25
308	22
309	43
310	23
311	30
312	24
313	28
314	22
315	20
316	25
317	26
318	25
319	24
320	34
321	24
322	25
323	23
324	29
325	31
326	15
327	30
328	23
329	23
330	31
331	24
332	26
333	20
334	23
335	26
336	19
337	32
338	39
339	22
340	25
341	28
342	27
343	31
344	26
345	18
346	33
347	19
348	22
349	21
350	32
351	25
352	16
353	32
354	21
355	27
356	25
357	28
358	29
359	22
360	19
361	28
362	21
363	30
364	21
365	20
366	18
367	24
368	28
369	27
370	19
371	17
372	22
373	28
374	21
375	21
376	12
377	25
378	24
379	20
380	25
381	28
382	16
383	21
384	17
385	29
386	29
387	18
388	22
389	20
390	21
391	16
392	19
393	21
394	18
395	22
396	25
397	25
398	32
399	19
400	25
401	19
402	16
403	21
404	21
405	13
406	22
407	28
408	22
409	20
410	16
411	21
412	19
413	21
414	21
415	24
416	13
417	25
418	22
419	25
420	15
421	21
422	21
423	19
424	16
425	28
426	21
427	19
428	22
429	19
430	15
431	20
432	18
433	20
434	24
435	21
436	17
437	15
438	19
439	19
440	12
441	16
442	16
443	17
444	11
445	15
446	16
447	14
448	15
449	16
450	18
451	17
452	14
453	14
454	17
455	16
456	19
457	12
458	12
459	24
460	18
461	22
462	20
463	21
464	17
465	17
466	15
467	24
468	16
469	16
470	19
471	15
472	18
473	18
474	16
475	11
476	13
477	14
478	12
479	12
480	15
481	20
482	14
483	14
484	17
485	18
486	11
487	16
488	22
489	23
490	15
491	19
492	25
493	15
494	14
495	19
496	10
497	19
498	13
499	13
500	17
501	14
502	15
503	11
504	16
505	14
506	16
507	13
508	21
509	17
510	18
511	13
512	19
513	18
514	9
515	22
516	20
517	19
518	12
519	17
520	12
521	11
522	12
523	17
524	16
525	21
526	17
527	15
528	7
529	12
530	10
531	16
532	16
533	18
534	16
535	12
536	14
537	12
538	12
539	14
540	21
541	19
542	12
543	9
544	13
545	9
546	19
547	11
548	13
549	13
550	15
551	19
552	13
553	14
554	18
555	10
556	14
557	17
558	13
559	9
560	15
561	14
562	11
563	15
564	13
565	14
566	8
567	15
568	10
569	5
570	11
571	11
572	18
573	8
574	11
575	12
576	15
577	14
578	14
579	7
580	10
581	14
582	16
583	16
584	10
585	11
586	12
587	7
588	22
589	12
590	14
591	10
592	11
593	16
594	7
595	13
596	15
597	9
598	20
599	9
600	13
601	13
602	7
603	8
604	8
605	11
606	12
607	9
608	9
609	12
610	9
611	10
612	8
613	13
614	16
615	13
616	10
617	8
618	5
619	15
620	16
621	9
622	6
623	7
624	11
625	6
626	15
627	15
628	7
629	10
630	15
631	11
632	8
633	13
634	8
635	7
636	4
637	8
638	12
639	9
640	12
641	9
642	7
643	10
644	13
645	7
646	12
647	7
648	11
649	11
650	12
651	8
652	7
653	10
654	10
655	6
656	7
657	9
658	9
659	5
660	10
661	10
662	7
663	8
664	12
665	7
666	6
667	12
668	10
669	10
670	8
671	13
672	10
673	7
674	9
675	5
676	13
677	9
678	5
679	8
680	7
681	11
682	7
683	17
684	10
685	9
686	7
687	5
688	8
689	6
690	12
691	12
692	10
693	7
694	6
695	12
696	6
697	9
698	9
699	10
700	8
701	11
702	3
703	16
704	13
705	11
706	8
707	8
708	8
709	7
710	9
711	12
712	17
713	6
714	14
715	9
716	12
717	5
718	8
719	3
720	9
721	10
722	10
723	10
724	10
725	9
726	9
727	7
728	19
729	14
730	4
731	7
732	14
733	6
734	5
735	8
736	11
737	11
738	10
739	5
740	10
741	11
742	6
743	7
744	8
745	10
746	9
747	16
748	10
749	6
750	10
751	8
752	12
753	8
754	10
755	7
756	10
757	12
758	7
759	15
760	7
761	7
762	5
763	8
764	5
765	7
766	8
767	7
768	4
769	6
770	5
771	7
772	10
773	10
774	4
775	8
776	3
777	7
778	7
779	7
780	10
781	9
782	12
783	5
784	6
785	7
786	9
787	12
788	10
789	4
790	4
791	4
792	10
793	8
794	6
795	10
796	6
797	11
798	13
799	9
800	13
801	13
802	10
803	11
804	8
805	6
806	5
807	10
808	8
809	11
810	7
811	5
812	6
813	3
814	9
815	4
816	8
817	6
818	9
819	4
820	4
821	7
822	4
823	7
824	4
825	7
826	6
827	6
828	8
829	7
830	6
831	6
832	8
833	4
834	5
835	6
836	3
837	5
838	8
839	6
840	3
841	4
842	7
843	6
844	5
845	6
846	8
847	7
848	5
849	15
850	8
851	6
852	4
853	5
854	4
855	11
856	4
857	4
858	6
859	4
860	6
861	7
862	2
863	3
864	7
865	10
866	5
867	7
868	6
869	5
870	9
871	3
872	8
873	7
874	7
875	7
876	4
877	4
878	4
879	5
880	7
881	7
882	4
884	6
885	10
886	12
887	7
888	11
889	2
890	8
891	5
892	6
893	6
894	4
895	5
896	9
897	7
898	2
899	7
900	7
901	6
902	6
903	5
904	8
905	7
906	7
907	2
908	9
909	5
910	7
911	9
912	10
913	3
914	3
915	4
916	3
917	6
918	5
919	3
920	10
921	7
922	11
923	4
924	7
925	8
926	7
927	5
928	5
929	9
930	5
931	7
932	5
933	3
934	10
935	11
936	6
937	5
938	7
939	2
940	4
941	3
942	11
943	4
944	10
945	3
946	5
947	7
948	6
949	4
950	2
951	6
952	4
953	4
954	4
955	7
956	6
957	6
958	5
959	7
960	5
961	7
962	5
963	5
964	1
965	7
966	4
967	3
968	7
969	6
970	5
971	4
972	3
973	3
974	8
975	5
976	3
977	5
978	9
979	7
980	3
981	8
982	4
983	2
984	2
985	10
986	1
987	6
988	8
989	11
990	6
991	4
992	6
993	3
994	8
995	7
996	5
997	5
998	1
999	3
1000	3
1001	6
1002	10
1003	6
1004	4
1005	1
1006	4
1007	3
1008	4
1009	4
1010	5
1011	4
1012	2
1013	3
1014	7
1015	8
1016	7
1017	8
1018	4
1019	4
1020	2
1021	4
1022	6
1023	6
1024	5
1025	8
1026	4
1027	2
1028	4
1029	6
1030	5
1031	4
1032	7
1033	3
1034	2
1035	9
1036	5
1037	2
1038	4
1039	7
1040	8
1041	5
1042	2
1043	2
1044	4
1045	6
1046	7
1047	1
1048	5
1049	3
1050	9
1051	5
1052	6
1053	7
1054	5
1055	4
1056	5
1057	4
1058	2
1059	4
1060	13
1061	1
1062	2
1063	4
1064	6
1065	2
1066	9
1067	7
1068	8
1069	1
1070	1
1071	3
1072	3
1073	5
1074	5
1075	4
1076	4
1077	6
1078	5
1079	5
1080	2
1081	4
1082	2
1083	4
1084	4
1085	3
1086	3
1087	3
1088	4
1089	4
1090	4
1092	5
1093	4
1094	3
1095	2
1096	10
1097	5
1098	3
1099	4
1100	2
1101	5
1102	1
1103	1
1104	7
1105	4
1106	2
1107	5
1108	6
1109	7
1110	5
1111	5
1112	5
1113	6
1114	2
1115	8
1116	4
1117	5
1118	5
1119	1
1120	2
1121	3
1122	6
1123	5
1124	7
1125	1
1126	2
1127	2
1128	3
1129	3
1130	7
1131	3
1132	3
1133	3
1134	3
1135	6
1136	5
1137	5
1138	5
1139	2
1140	5
1141	7
1142	6
1143	6
1144	1
1145	7
1146	6
1147	5
1148	7
1149	3
1150	1
1151	3
1152	3
1153	2
1154	6
1155	2
1156	4
1157	4
1158	1
1159	4
1161	4
1162	4
1163	3
1164	6
1165	3
1166	7
1167	2
1168	7
1169	2
1170	3
1171	4
1172	1
1173	5
1174	3
1175	3
1176	2
1177	2
1178	5
1179	6
1180	4
1181	4
1182	4
1183	5
1184	4
1185	3
1186	5
1187	2
1189	6
1190	4
1191	8
1192	2
1193	5
1194	6
1195	2
1196	3
1197	6
1198	4
1199	1
1200	1
1201	2
1202	7
1203	2
1204	6
1205	5
1206	5
1207	4
1209	4
1210	3
1211	2
1212	4
1213	1
1214	2
1215	1
1216	6
1217	3
1218	6
1219	2
1220	1
1221	4
1222	3
1223	3
1224	3
1225	1
1226	2
1227	5
1228	7
1229	2
1230	4
1231	2
1232	4
1233	2
1234	3
1235	6
1236	3
1237	5
1238	2
1239	4
1240	2
1241	4
1242	1
1243	4
1244	3
1245	6
1246	2
1247	2
1248	4
1249	2
1250	3
1251	6
1252	4
1253	7
1254	4
1255	4
1256	6
1257	6
1258	3
1259	1
1260	3
1261	1
1262	3
1263	3
1264	3
1265	2
1266	4
1267	2
1268	1
1269	2
1270	5
1271	1
1272	2
1273	6
1274	5
1275	5
1276	2
1278	3
1279	3
1280	4
1281	5
1282	2
1283	5
1284	4
1285	1
1286	1
1287	2
1288	3
1289	1
1290	1
1291	8
1292	7
1293	3
1294	3
1295	8
1296	1
1297	5
1298	2
1299	2
1300	4
1301	2
1302	2
1303	1
1304	2
1305	3
1306	2
1307	2
1308	9
1309	4
1310	4
1311	5
1312	3
1313	1
1314	6
1315	5
1316	4
1317	1
1318	1
1319	4
1320	2
1321	6
1322	3
1323	8
1324	3
1325	3
1326	3
1327	3
1328	7
1329	4
1330	3
1331	2
1332	3
1333	4
1334	5
1336	6
1337	3
1338	5
1339	2
1340	4
1341	4
1342	1
1343	4
1344	4
1345	3
1347	4
1348	2
1350	2
1351	1
1352	3
1353	4
1354	3
1355	2
1356	1
1358	7
1359	1
1360	4
1361	2
1362	2
1363	1
1365	1
1366	1
1367	4
1368	3
1369	4
1370	3
1371	5
1372	1
1373	1
1374	1
1375	1
1376	3
1377	2
1378	3
1379	6
1380	3
1381	2
1382	1
1383	3
1384	2
1385	4
1386	7
1387	2
1388	1
1389	3
1391	2
1392	2
1393	1
1394	1
1395	6
1396	2
1397	4
1399	1
1400	3
1401	2
1402	4
1403	4
1404	3
1405	3
1406	2
1407	9
1408	1
1409	2
1411	2
1413	2
1414	6
1415	2
1416	2
1417	1
1419	2
1420	2
1421	1
1422	1
1423	3
1424	2
1425	1
1426	2
1427	6
1428	2
1429	2
1430	1
1431	1
1432	2
1433	5
1434	1
1435	1
1436	2
1437	2
1438	3
1439	2
1440	3
1441	1
1443	3
1444	2
1445	1
1446	2
1447	3
1448	4
1449	4
1450	2
1451	4
1452	3
1453	1
1454	1
1455	2
1456	2
1457	4
1458	5
1459	5
1460	3
1461	5
1462	4
1463	1
1465	4
1466	2
1467	3
1468	2
1469	2
1470	5
1471	4
1473	3
1474	4
1475	1
1476	3
1477	6
1478	3
1479	2
1480	1
1481	3
1482	2
1483	1
1484	2
1485	5
1486	2
1487	4
1488	3
1489	3
1490	2
1491	2
1492	2
1493	2
1494	1
1495	3
1496	6
1497	1
1498	5
1499	3
1500	3
1501	3
1502	5
1503	4
1504	2
1505	3
1506	3
1507	1
1508	3
1509	1
1510	1
1511	1
1512	2
1513	4
1514	6
1515	5
1516	4
1517	2
1518	3
1520	3
1522	2
1523	2
1524	1
1525	5
1526	2
1527	3
1528	1
1529	3
1530	1
1532	1
1533	2
1534	2
1535	2
1536	3
1537	2
1539	3
1540	3
1541	3
1543	5
1544	1
1545	2
1546	1
1547	3
1548	2
1549	4
1550	1
1553	4
1555	3
1556	4
1557	1
1558	1
1559	4
1560	3
1561	1
1562	3
1563	1
1564	3
1565	1
1566	5
1568	2
1569	4
1570	3
1571	1
1572	5
1574	1
1575	3
1577	1
1578	4
1579	3
1580	1
1582	1
1583	4
1584	1
1585	1
1587	3
1588	2
1589	2
1590	1
1591	3
1592	3
1593	1
1595	1
1596	1
1597	2
1598	4
1600	3
1601	2
1602	2
1603	1
1604	4
1605	1
1606	1
1607	1
1609	1
1610	2
1611	1
1613	2
1614	2
1615	1
1618	2
1619	1
1621	1
1622	2
1623	1
1624	2
1625	4
1626	1
1627	1
1629	3
1630	1
1632	1
1633	3
1635	1
1637	1
1638	3
1640	3
1641	2
1642	1
1643	1
1644	2
1646	1
1647	4
1648	3
1649	2
1650	3
1651	2
1652	1
1654	3
1655	1
1657	3
1660	1
1661	3
1662	2
1663	1
1664	1
1665	1
1666	2
1667	3
1668	2
1669	1
1670	3
1671	2
1672	1
1673	2
1674	1
1675	1
1676	2
1677	1
1678	3
1679	4
1680	1
1681	3
1682	2
1683	2
1684	2
1685	3
1686	2
1687	1
1688	1
1689	2
1690	1
1691	2
1692	2
1693	1
1694	1
1695	3
1696	3
1697	4
1698	5
1700	3
1701	2
1703	1
1704	2
1705	1
1707	5
1708	2
1709	2
1710	2
1712	2
1713	2
1714	1
1715	1
1716	3
1717	2
1718	1
1719	1
1720	1
1722	2
1723	3
1724	2
1725	1
1726	1
1727	1
1729	2
1730	2
1731	3
1732	1
1734	2
1736	1
1737	4
1738	1
1739	1
1740	2
1741	1
1743	1
1745	2
1746	2
1747	1
1748	2
1749	1
1750	5
1751	1
1752	3
1753	3
1754	1
1755	3
1758	1
1760	1
1762	2
1763	2
1764	2
1765	2
1767	1
1769	1
1770	1
1771	2
1772	4
1773	1
1774	1
1775	2
1776	1
1777	3
1778	3
1779	2
1780	1
1781	1
1782	1
1783	2
1784	1
1785	5
1786	3
1789	1
1791	1
1792	1
1793	1
1794	3
1795	1
1796	2
1797	1
1798	2
1800	1
1801	2
1802	3
1804	3
1805	2
1806	1
1807	2
1808	4
1809	1
1810	3
1811	2
1812	2
1813	2
1815	1
1818	3
1819	1
1820	2
1823	2
1824	1
1825	2
1827	1
1828	1
1829	2
1830	5
1834	1
1835	1
1836	1
1837	2
1839	2
1840	1
1841	2
1842	2
1843	2
1844	3
1845	1
1847	2
1849	3
1851	1
1852	2
1853	2
1854	1
1855	3
1856	4
1860	1
1862	1
1865	2
1867	2
1868	1
1869	2
1870	3
1871	1
1872	2
1873	3
1874	1
1875	2
1876	4
1877	1
1878	1
1880	1
1881	1
1882	2
1883	3
1884	1
1885	5
1886	2
1887	2
1889	3
1890	1
1891	1
1892	2
1893	1
1896	3
1897	1
1898	2
1899	2
1900	2
1901	2
1902	1
1904	3
1905	3
1906	1
1909	2
1910	1
1911	2
1913	2
1914	1
1915	1
1917	2
1918	2
1919	1
1920	2
1921	3
1923	1
1924	2
1925	2
1926	1
1927	1
1929	3
1930	1
1931	1
1934	1
1939	1
1940	1
1943	1
1945	2
1947	1
1948	3
1949	2
1951	1
1954	2
1955	2
1956	1
1957	1
1958	1
1960	3
1961	1
1963	1
1964	1
1965	2
1966	3
1968	1
1973	1
1974	1
1975	2
1976	2
1977	2
1978	3
1981	1
1982	1
1984	3
1988	1
1990	2
1991	2
1992	1
1994	3
1995	1
1996	1
2000	2
2001	2
2002	1
2003	2
2004	2
2005	1
2006	3
2007	2
2008	1
2010	1
2011	3
2014	1
2017	1
2018	2
2019	1
2020	1
2021	1
2022	2
2023	2
2025	1
2026	4
2027	1
2028	1
2029	2
2030	1
2031	1
2032	1
2034	2
2037	3
2041	3
2045	1
2046	1
2047	3
2048	2
2049	1
2050	2
2051	1
2053	1
2054	1
2058	3
2061	2
2062	1
2063	4
2064	1
2067	2
2068	2
2069	4
2070	1
2073	2
2074	1
2075	2
2076	2
2078	2
2084	3
2085	1
2086	2
2087	2
2089	1
2090	2
2091	2
2092	1
2093	2
2095	1
2096	2
2097	2
2099	1
2100	1
2102	1
2104	1
2107	1
2110	3
2111	1
2112	1
2114	2
2115	2
2116	1
2120	2
2121	1
2122	1
2124	1
2126	1
2127	1
2128	1
2129	2
2130	3
2133	3
2134	1
2135	1
2136	1
2137	1
2138	1
2140	3
2141	2
2142	2
2143	1
2145	1
2146	2
2147	4
2148	2
2149	2
2150	1
2151	2
2152	1
2153	1
2154	1
2156	1
2158	2
2160	1
2161	1
2162	4
2163	2
2164	1
2165	1
2166	2
2167	1
2168	1
2169	1
2171	1
2172	1
2173	1
2174	1
2175	1
2177	2
2180	3
2181	2
2182	2
2183	3
2185	2
2186	1
2187	1
2188	1
2189	2
2191	3
2192	1
2194	1
2198	2
2201	2
2203	1
2204	5
2206	1
2207	1
2209	2
2212	2
2215	1
2216	2
2218	1
2219	1
2221	1
2222	1
2223	1
2224	2
2225	1
2227	1
2228	1
2229	2
2233	3
2234	1
2236	1
2239	1
2243	2
2244	2
2245	3
2246	1
2247	1
2248	1
2249	1
2250	1
2252	1
2253	2
2256	1
2259	2
2260	1
2262	2
2265	1
2267	1
2268	2
2269	1
2270	1
2272	1
2273	3
2277	1
2279	1
2281	2
2283	2
2285	1
2286	1
2287	3
2289	1
2290	1
2291	1
2292	2
2295	1
2297	2
2299	2
2300	2
2301	1
2302	1
2304	2
2306	4
2307	1
2308	1
2309	1
2310	1
2311	1
2313	2
2315	1
2317	1
2320	1
2321	2
2329	1
2330	2
2331	1
2332	1
2333	1
2334	2
2335	1
2336	1
2341	1
2342	2
2348	2
2350	1
2351	1
2353	4
2355	1
2357	1
2358	1
2359	1
2361	1
2365	1
2366	1
2367	2
2369	1
2370	2
2372	1
2373	3
2375	1
2377	1
2380	1
2381	1
2383	1
2384	2
2386	2
2387	1
2389	2
2391	1
2392	2
2393	1
2397	1
2398	1
2402	1
2403	1
2404	2
2405	3
2407	1
2410	1
2411	1
2412	1
2413	1
2415	1
2416	1
2418	1
2419	1
2420	1
2421	1
2424	2
2428	1
2431	1
2432	1
2434	1
2438	2
2439	2
2443	1
2446	2
2449	1
2450	1
2451	1
2455	1
2457	1
2463	1
2464	3
2469	1
2470	1
2472	1
2473	2
2474	1
2476	1
2480	1
2483	1
2484	2
2485	1
2486	1
2487	1
2489	2
2490	1
2491	1
2497	1
2499	2
2500	1
2503	2
2504	2
2506	2
2508	1
2510	2
2511	2
2514	1
2519	2
2521	1
2523	1
2524	1
2526	3
2528	1
2529	1
2530	1
2531	2
2535	1
2536	1
2537	1
2539	1
2541	1
2543	1
2546	1
2549	2
2553	1
2554	1
2555	1
2559	3
2561	2
2563	1
2564	1
2567	1
2569	1
2570	3
2571	1
2572	1
2573	1
2574	2
2575	1
2582	1
2584	1
2586	1
2590	1
2591	1
2594	1
2597	1
2603	1
2604	2
2605	1
2608	1
2609	3
2610	1
2611	2
2614	1
2617	2
2619	3
2620	1
2622	1
2623	1
2624	2
2628	1
2629	1
2630	2
2631	1
2633	1
2636	1
2637	1
2640	2
2642	2
2646	1
2649	2
2651	2
2652	2
2656	1
2659	1
2662	3
2666	1
2667	2
2669	2
2670	1
2671	1
2676	1
2678	1
2681	2
2684	1
2685	1
2687	1
2690	2
2692	1
2696	2
2698	1
2701	1
2702	1
2706	1
2709	1
2710	2
2714	1
2715	1
2718	1
2720	2
2721	1
2727	1
2728	2
2733	1
2734	2
2736	2
2738	1
2740	1
2744	1
2745	1
2749	1
2754	2
2756	1
2759	1
2760	2
2761	1
2762	2
2763	1
2764	1
2766	1
2768	2
2769	1
2772	1
2773	2
2776	1
2781	2
2782	1
2785	1
2788	2
2790	1
2796	1
2797	2
2798	2
2801	1
2804	1
2810	1
2811	1
2813	1
2821	1
2822	1
2824	1
2828	1
2831	1
2832	1
2835	2
2841	2
2842	1
2850	1
2852	1
2861	1
2865	1
2867	1
2883	1
2884	1
2889	1
2890	1
2891	2
2893	1
2894	1
2896	1
2903	1
2905	1
2907	1
2909	1
2910	1
2912	1
2916	1
2918	1
2922	1
2928	1
2929	1
2930	1
2939	1
2942	2
2943	1
2944	1
2946	1
2947	1
2948	1
2954	2
2956	1
2957	1
2961	1
2962	1
2963	1
2964	1
2968	1
2971	1
2973	2
2975	1
2980	1
2983	1
2984	1
2987	1
3000	2
3001	2
3002	1
3004	2
3005	1
3006	2
3010	1
3011	1
3018	1
3019	2
3021	1
3022	1
3023	1
3026	1
3028	1
3030	2
3034	1
3035	1
3040	1
3042	2
3046	1
3059	1
3067	1
3069	1
3071	1
3073	1
3074	1
3077	2
3079	1
3080	1
3082	1
3084	1
3085	2
3088	1
3092	2
3093	1
3098	1
3099	1
3108	2
3111	1
3120	1
3122	2
3123	1
3130	2
3132	1
3134	1
3136	1
3139	2
3142	1
3146	1
3148	1
3149	1
3153	1
3154	1
3158	1
3161	1
3163	2
3165	1
3171	1
3173	1
3174	1
3175	1
3176	1
3178	1
3179	3
3182	1
3191	1
3192	2
3193	1
3199	1
3200	1
3204	1
3209	1
3211	1
3219	1
3223	2
3225	1
3227	1
3228	1
3229	2
3233	1
3235	1
3236	1
3237	1
3244	1
3245	1
3247	1
3252	2
3254	1
3255	1
3260	1
3267	2
3270	1
3271	1
3272	1
3275	1
3278	1
3279	1
3290	1
3299	1
3300	2
3303	1
3306	1
3307	2
3309	1
3318	1
3319	1
3323	1
3329	1
3332	1
3333	1
3335	2
3338	2
3346	1
3353	1
3355	1
3365	1
3368	1
3373	1
3376	1
3377	1
3379	1
3382	1
3385	1
3388	1
3389	1
3405	2
3408	1
3412	1
3416	1
3436	1
3439	1
3440	2
3444	1
3450	1
3451	1
3466	1
3469	1
3476	1
3481	1
3482	2
3483	1
3490	1
3492	1
3498	3
3500	1
3501	2
3502	1
3504	1
3506	1
3507	1
3509	1
3511	1
3513	1
3514	1
3523	1
3524	1
3532	1
3534	1
3541	1
3543	1
3561	1
3563	1
3565	1
3566	1
3568	1
3571	2
3574	1
3576	2
3580	1
3583	1
3588	1
3591	1
3595	1
3597	1
3598	2
3599	1
3612	1
3613	1
3617	1
3618	1
3624	1
3626	1
3630	1
3631	2
3635	1
3638	1
3646	1
3654	1
3656	1
3659	1
3665	1
3672	1
3675	1
3682	1
3695	1
3696	3
3701	1
3705	1
3722	1
3724	1
3729	1
3731	1
3732	1
3733	1
3735	1
3737	1
3739	1
3741	1
3743	1
3750	1
3752	2
3766	1
3767	1
3773	1
3774	1
3776	1
3777	1
3780	1
3781	1
3784	1
3809	1
3812	1
3813	1
3815	1
3819	1
3823	1
3824	2
3827	1
3829	1
3831	3
3833	1
3834	2
3843	1
3844	1
3850	1
3855	1
3856	1
3860	1
3862	3
3864	1
3869	1
3871	1
3872	1
3874	1
3886	1
3895	1
3901	1
3902	1
3906	1
3908	1
3909	1
3912	4
3913	1
3918	1
3925	1
3926	1
3927	1
3929	1
3930	1
3931	1
3942	1
3943	1
3948	1
3952	1
3955	1
3962	1
3964	1
3976	1
3991	1
3994	1
3996	2
4006	1
4025	1
4033	1
4042	1
4043	1
4056	1
4059	1
4067	1
4078	1
4079	2
4080	1
4083	1
4084	1
4095	1
4100	1
4104	1
4126	1
4129	1
4130	1
4132	1
4133	1
4137	1
4149	1
4167	1
4168	2
4172	1
4176	1
4179	1
4183	1
4184	1
4191	1
4199	1
4203	1
4204	1
4207	1
4209	2
4215	1
4221	1
4224	2
4225	1
4238	1
4244	1
4247	1
4253	1
4255	1
4256	2
4262	1
4263	1
4265	1
4276	1
4285	1
4305	1
4307	1
4313	1
4316	1
4324	1
4328	1
4331	1
4339	1
4344	1
4346	1
4358	1
4380	1
4382	1
4383	1
4386	1
4396	1
4402	1
4405	1
4423	1
4430	1
4431	1
4438	1
4439	1
4447	1
4450	2
4453	2
4485	1
4491	1
4501	1
4503	2
4504	1
4515	1
4534	1
4549	2
4558	1
4563	1
4568	1
4574	1
4580	1
4585	1
4589	1
4602	1
4605	1
4606	1
4618	1
4620	1
4636	1
4652	1
4653	1
4665	1
4691	1
4716	1
4719	1
4724	1
4733	1
4740	1
4747	1
4749	1
4765	1
4782	1
4786	1
4787	1
4807	1
4816	1
4829	1
4834	1
4842	1
4852	1
4857	1
4862	1
4864	1
4865	1
4866	1
4869	1
4882	1
4900	1
4921	1
4922	1
4936	1
4943	1
4989	1
4992	2
4995	1
5004	1
5018	1
5053	1
5055	1
5056	1
5063	1
5089	1
5090	1
5091	1
5092	1
5093	1
5110	1
5123	1
5142	1
5174	1
5184	1
5196	1
5198	1
5199	1
5232	1
5245	1
5249	1
5282	1
5288	1
5327	1
5361	1
5383	1
5397	1
5402	1
5407	1
5418	1
5438	1
5446	1
5466	1
5543	1
5548	1
5586	1
5610	1
5623	1
5667	1
5690	1
5692	1
5701	1
5713	1
5811	1
5839	1
5860	1
5938	1
5991	1
6015	1
6025	1
6076	1
6082	1
6084	1
6106	1
6129	1
6134	1
6168	1
6221	1
6234	1
6247	1
6253	1
6254	1
6261	1
6266	1
6287	1
6298	1
6303	1
6328	1
6402	1
6429	1
6430	1
6468	2
6559	1
6564	1
6673	1
6715	1
6725	2
6757	1
6776	1
6784	1
6796	1
6815	1
6816	1
6850	1
6851	1
6863	1
6882	1
6908	1
6910	1
6944	1
6979	1
6992	1
7018	1
7034	1
7041	1
7057	1
7058	1
7063	1
7075	1
7076	1
7077	1
7079	1
7202	1
7233	1
7270	1
7277	1
7279	1
7286	1
7322	1
7335	1
7342	1
7451	1
7490	1
7577	1
7603	1
7644	1
7858	1
7970	1
8076	1
8160	1
8163	1
8169	1
8238	1
8296	1
8344	1
8413	2
8432	1
8529	1
8674	1
8755	1
8831	1
8841	1
8845	1
8935	1
9099	1
9128	1
9164	1
9207	1
9233	1
9293	1
9340	1
9357	1
9472	1
9506	1
9661	1
9670	1
9691	1
9693	1
9714	1
9733	1
9764	1
9829	1
9929	1
9948	1
9969	1
9979	1
10035	1
10068	1
10147	1
10777	1
10845	1
11081	1
11425	1
11825	1
12142	1
12329	1
12478	1
12483	1
12915	1
13207	1
13273	1
13405	1
13417	1
13612	1
13634	1
14260	1
14313	1
14492	1
14586	1
14646	1
14650	1
15209	2
15970	1
17128	1
17406	1
18025	1
18061	1
18217	1
18531	1
18779	1
19169	1
19177	1
19181	1
19733	1
21502	1
21993	1
22126	1
23656	1
24550	1
28664	1
29671	1
32486	1
32941	1
37206	1
39821	1
40260	1
41009	1
41494	1
43124	1
43223	1
46657	1
